>> Error: top-level:13:54: undefined identifier: x
>> 
