eval: cons expected 2 arguments, but got 0 arguments
