eval: function expected 2 arguments, but got 3 arguments
