eval: function expected 2 arguments, but got 0 arguments
