stdin:1:2: expected a commented out element for '#;'
