stdin:1:8: expected a commented out element for '#;'
