stdin:1:1: expected a commented out element for '#;'
