(Begin (Constant 1))
(Begin (Constant 1) (Constant 2))
(Begin (Constant 1) (Constant 2) (Constant 3))
