(If (Constant #t) (Constant 3) (Constant 4))
(If (Constant #f) (Constant 5) (Constant 6))
(If (Constant 1) (Constant 2) (Constant 3))
