stdin:1:1: letrec: invalid syntax (not an identifier and expression for a binding)
