(Constant (1 2 3))
(Constant a-symbol)
(Constant ())
