(Constant <syntax: (1 2 3)>)
(Constant <syntax: a-symbol>)
(Constant <syntax: ()>)
