stdin:1:1: end of input before end of character literal
