#;@(7,1,75,2)
#;@(7,3,77,2)
LPAREN@(7,5,79,1)
NUMBOOLORSYM(a)@(7,6,80,1)
NUMBOOLORSYM(b)@(7,8,82,1)
NUMBOOLORSYM(c)@(7,10,84,1)
DOT@(7,12,86,1)
NUMBOOLORSYM(d)@(7,14,88,1)
RPAREN@(7,15,89,1)
NUMBOOLORSYM(!#$%^&*asymbol~.#)@(8,1,91,17)
LPAREN@(8,18,108,1)
RPAREN@(8,19,109,1)
NUMBOOLORSYM(+12_98___76_5_4_321__0__)@(11,1,146,24)
LPAREN@(11,25,170,1)
NUMBOOLORSYM(-12_98___76_5_4_321__0__)@(12,1,172,24)
RPAREN@(12,25,196,1)
NUMBOOLORSYM(+_12_98___76_5_4_321__0__)@(13,1,198,25)
NUMBOOLORSYM(-_12_98___76_5_4_321__0__)@(14,1,225,25)
NUMBOOLORSYM(+_)@(17,1,268,2)
NUMBOOLORSYM(-_)@(18,1,272,2)
NUMBOOLORSYM(_)@(19,1,276,1)
NUMBOOLORSYM(++12_98___76_5_4_321__0_)@(19,3,278,24)
STR(\"abc\")@(19,27,302,5)
NUMBOOLORSYM(_)@(19,32,307,1)
NUMBOOLORSYM(--12_98___76_5_4_321__0__)@(20,1,309,25)
NUMBOOLORSYM(_12_98___76_5_4_321__0__)@(21,1,342,24)
NUMBOOLORSYM(+_____123ab)@(22,1,367,11)
NUMBOOLORSYM(123_456_abc)@(23,1,379,11)
NUMBOOLORSYM(1234567890abc)@(24,1,391,13)
NUMBOOLORSYM(...#)@(25,1,405,4)
CHAR(#\a)@(27,1,412,3)
LPAREN@(27,4,415,1)
CHAR(#\b)@(27,5,416,3)
RPAREN@(27,8,419,1)
CHAR(#\tab)@(27,9,420,5)
CHAR(#\newline)@(27,15,426,9)
CHAR(#\space)@(27,25,436,7)
CHAR(#\ )@(28,1,445,3)
NUMBOOLORSYM(whatever)@(28,5,449,8)
RPAREN@(28,13,457,1)
CHAR(#\#)@(29,1,459,3)
CHAR(#\;)@(30,1,467,3)
STR(\"def\")@(30,4,470,5)
CHAR(#\@)@(31,1,476,3)
CHAR(#\()@(32,1,481,3)
CHAR(#\))@(32,5,485,3)
LPAREN@(32,8,488,1)
CHAR(#\ )@(32,9,489,3)
RPAREN@(32,12,492,1)
CHAR(#\ )@(32,13,493,3)
CHAR(#\ )@(32,17,497,3)
CHAR(#\ )@(32,21,501,3)
CHAR(#\-)@(33,1,505,3)
NUMBOOLORSYM(=)@(34,1,518,1)
NUMBOOLORSYM(+)@(34,3,520,1)
NUMBOOLORSYM(-)@(34,5,522,1)
NUMBOOLORSYM(_)@(34,7,524,1)
STR(\"!@#$%^&*()    ~ abcdefghijklmnopqrstuvwxyz\\\\;\\n\\t\\r\\\"\nABCDEFGHIJKLMNOPQRSTUVWXYZ0123456789_-+=\")@(35,1,526,96)
CHAR(#\a)@(37,1,623,3)
NUMBOOLORSYM(@abc)@(39,3,630,4)
NUMBOOLORSYM(45)@(39,8,635,2)
CHAR(#\abc)@(39,11,638,5)
CHAR(#\^)@(39,17,644,3)
NUMBOOLORSYM(123#\newline)@(39,21,648,12)
NUMBOOLORSYM(@)@(39,34,661,1)
NUMBOOLORSYM(abc@)@(40,1,664,4)
NUMBOOLORSYM(@dude)@(40,6,669,5)
CHAR(#\x34a654)@(40,12,675,9)
NUMBOOLORSYM(#)@(40,22,685,1)
LPAREN@(40,23,686,1)
NUMBOOLORSYM(#)@(40,24,687,1)
NUMBOOLORSYM(#)@(40,26,689,1)
CHAR(#\b)@(52,1,1327,3)
END@(53,1,1331,0)
