NUMBOOLORSYM(abcadfefe#\!#@%\!)@(1,1,1,17)
END@(1,18,18,0)
