#;@(7,1,75,2)
#;@(7,3,77,2)
LPAREN@(7,5,79,1)
NUMBOOLORSYM(a)@(7,6,80,1)
NUMBOOLORSYM(b)@(7,8,82,1)
NUMBOOLORSYM(c)@(7,10,84,1)
DOT@(7,12,86,1)
NUMBOOLORSYM(d)@(7,14,88,1)
RPAREN@(7,15,89,1)
NUMBOOLORSYM(!#$%^&*asymbol~.#)@(8,1,91,17)
LPAREN@(8,18,108,1)
RPAREN@(8,19,109,1)
stdin:8:20: illegal character '{' (code 123)
