>> (lambda (x0) (begin (lambda (x1) (+ 1 x1))))
>> 
