>> (lambda (x0) (begin (lambda (x1) (x0 1 2 3 4))))
>> 
