>> (begin (((lambda (a0) (lambda (a1) (+ a0 1))) 5) 0))
>> 
