>> ((lambda (x0) (begin (lambda (x1) (+ x0 x1)))) 1)
>> 
